> Task :app:checkKotlinGradlePluginConfigurationErrors
> Task :app:preBuild UP-TO-DATE
> Task :app:preDebugBuild UP-TO-DATE
> Task :app:checkDebugAarMetadata UP-TO-DATE
> Task :app:generateDebugResValues UP-TO-DATE
> Task :app:mapDebugSourceSetPaths UP-TO-DATE
> Task :app:generateDebugResources UP-TO-DATE
> Task :app:mergeDebugResources UP-TO-DATE
> Task :app:packageDebugResources UP-TO-DATE
> Task :app:parseDebugLocalResources UP-TO-DATE
> Task :app:createDebugCompatibleScreenManifests UP-TO-DATE
> Task :app:extractDeepLinksDebug UP-TO-DATE
> Task :app:processDebugMainManifest UP-TO-DATE
> Task :app:processDebugManifest UP-TO-DATE
> Task :app:processDebugManifestForPackage UP-TO-DATE
> Task :app:processDebugResources UP-TO-DATE
> Task :app:kaptGenerateStubsDebugKotlin UP-TO-DATE
> Task :app:kaptDebugKotlin UP-TO-DATE

> Task :app:compileDebugKotlin FAILED
e: file:///C:/Users/Pi/Videos/biller/app/src/main/java/com/mpesa/tracker/MainActivity.kt:138:83 Type mismatch: inferred type is Screen.Dashboard but Screen.Landing was expected
e: file:///C:/Users/Pi/Videos/biller/app/src/main/java/com/mpesa/tracker/MainActivity.kt:139:86 Type mismatch: inferred type is Screen.Transactions but Screen.Landing was expected
e: file:///C:/Users/Pi/Videos/biller/app/src/main/java/com/mpesa/tracker/MainActivity.kt:140:87 Type mismatch: inferred type is Screen.Subscriptions but Screen.Landing was expected
e: file:///C:/Users/Pi/Videos/biller/app/src/main/java/com/mpesa/tracker/MainActivity.kt:141:83 Type mismatch: inferred type is Screen.Analytics but Screen.Landing was expected
e: file:///C:/Users/Pi/Videos/biller/app/src/main/java/com/mpesa/tracker/MainActivity.kt:144:33 Incompatible types: Screen.Dashboard and Screen.Landing
e: file:///C:/Users/Pi/Videos/biller/app/src/main/java/com/mpesa/tracker/MainActivity.kt:147:86 Type mismatch: inferred type is Screen.Transactions but Screen.Landing was expected
e: file:///C:/Users/Pi/Videos/biller/app/src/main/java/com/mpesa/tracker/MainActivity.kt:150:33 Incompatible types: Screen.Analytics and Screen.Landing
e: file:///C:/Users/Pi/Videos/biller/app/src/main/java/com/mpesa/tracker/MainActivity.kt:153:100 Type mismatch: inferred type is Screen.Transactions but Screen.Landing was expected
e: file:///C:/Users/Pi/Videos/biller/app/src/main/java/com/mpesa/tracker/MainActivity.kt:156:36 Incompatible types: Screen.Transactions and Screen.Landing
e: file:///C:/Users/Pi/Videos/biller/app/src/main/java/com/mpesa/tracker/MainActivity.kt:162:33 Incompatible types: Screen.Subscriptions and Screen.Landing

FAILURE: Build failed with an exception.

* What went wrong:
Execution failed for task ':app:compileDebugKotlin'.
> A failure occurred while executing org.jetbrains.kotlin.compilerRunner.GradleCompilerRunnerWithWorkers$GradleKotlinCompilerWorkAction
   > Compilation error. See log for more details

* Try:
> Run with --stacktrace option to get the stack trace.
> Run with --info or --debug option to get more log output.
> Run with --scan to get full insights.
> Get more help at https://help.gradle.org.

BUILD FAILED in 3s
17 actionable tasks: 2 executed, 15 up-to-date
